the t reesthe t reesthe t reesthe t reesthe t reesthe t reesthe 
areouttog areouttog areouttog areouttog areouttog areouttog areo
e tyouandbe tyouandbe tyouandbe tyouandbe tyouandbe tyouandbe ty
reakyo  urreakyo  urreakyo  urreakyo  urreakyo  urreakyo  urreak
babieswithbabieswithbabieswithbabieswithbabieswithbabieswithbabi
theirbranctheirbranctheirbranctheirbranctheirbranctheirbrancthei
hesthe t rhesthe t rhesthe t rhesthe t rhesthe t rhesthe t rhest
eesareoutteesareoutteesareoutteesareoutteesareoutteesareoutteesa
og e tyouaog e tyouaog e tyouaog e tyouaog e tyouaog e tyouaog e
ndbreakyo ndbreakyo ndbreayyo ndbreayyo ndbreayyo ndbreayyo ndbr
 urbabiesw urbabiesw urbaiessw urbaiessw urbaiessw urbaiessw urb
iththeirbriththeirbriththirbrriththirbrriththirbrriththirbrritht
anchesthe anchesthe anchsthe aanchsthe aanchsthe aanchsthe aanch
t reesareot reesareot resareoot resareoot resareoot resareoot re
uttog e tyuttog e tyutto e tyuutto e tyuutto e tyuutto e tyuutto
ouandbreakouandbreakoundbreakounndbreakounndbreakounndbreakounnd
yo  urbabiyo  urbabio  urbabio   urbabio   urbabio   urbabio   u
eswiththeieswiththeiesiththeiesitththeiesitththeiesitththeiesitt
rbranchestrbranchestrranchestrrranchestrrranchestrrranchestrrran
he t reesahe t reesae t reesae t rreesae t rreesae t rreesae t r
reouttog ereouttog reouttog reouttoog reouttoog reouttoog reoutt
 tyouandbr tyouandr  youandr  youaaddr  youaaddr  youaaddr  youa
eakyo  urbeakyo  urbakyo  urbakyo   urbakyo   urbakyo   urbakyo 
abieswithtabieswihtabieswihtabieswiihtabieswiihtabieswiihtabiesw
heirbranchheirbrancheirbbancheeibbanccheeibbanccheeibbanccheeibb
esthe t reesthe treestthetreesstthtreeesstthtreeesstthtreeesstth
esareouttoesareoutteesareutteeesareutteeesareutteeesareutteeesar
g e tyouang e tyouang e touanng e touanng e touanng e touanng e 
dbreakyo  dbreakyo  dbreayo   dbreayo   dbreayo   dbreayo   dbre
urbabieswiurbabieswiurbabeswiiurbabeswiiurbabeswiiurbabeswiiurba
ththeirbraththeirbraththerbraaththerbraaththerbraaththerbraathth
nchesthe tnchesthe tnchesthe tnchesthe tnchesthe tnchesthe tnche
 reesareou reesareou reesareou reesareou reesareou reesareou ree
ttog e tyottog e tyottog e tyottog e tyottog e tyottog e tyottog
