the t reesthe t reesthe t reesthe t reesthe t reesthe t reesthe
areouttog areouttog areouttog areouttog areouttog areouttog are
e tyouandbe tyouandbe tyouandbe tyouandbe tyouandbe tyouandbe t
reakyo  urreakyo  urreakyo  urreakyo  urreakyo  urreakyo  urrea
babieswithbabiieswithbabiieswithbabiieswithbabiiewithbabiiewith
theirbranctheiirbranctheiirbranctheiirbranctheiirranctheiirranc
hesthe t rhestthe  t rhestthe  t rhestthe  trhesthe  trhesthe  
eesareoutteesaareooutteesaareooutteesaareoouteesareoouteesareoo
og e tyouaog ee tyyouaog ee tyyouaog ee tyyoaog e tyyoaog e tyy
ndbreakyo ndbrreakkyo nndbrreakkyo nndrreakko nndreakko nndreak
 urbabiesw urbbabiiesw  urbbabiiesw  ubbabiisw  ubabiisw  ubabi
iththeirbrithttheiirbriithttheiirbriitttheiibriittheiibriitthei
anchesthe anchhestthe aanchhestthe aanhhestte aanhestte aanhest
t reesareot reeesaareott reeesaareott eeesaaeott eesaaeott eesa
uttog e tyuttoog ee tyuuttoog ee tyuutoog eetyuutog eetyuutog e
ouandbreakouanndbrreakoouanndbrreakoounndbrrakooundbrrakooundbr
yo  urbabiyo   urbbabiyo   urbbabiyo   urbbaiyo  urbbaiyo  urbb
eswiththeieswiithttheieswiithttheieswiithtthieswithtthieswithtt
rbranchestrbraanchhestrbraanchhestrbraanchhetrbranchhetrbranchh
he t reesahe tt reesahe tt reesahe tt reesahe tt eesahe tt eesa
reouttog ereouuttog ereouuttog ereouuttog ereouutog ereouutog e
 tyouandbr tyouandbr tyouandbr tyouandbr tyouandbr tyouandbr ty
eakyo  urbeakyo  urbeakyo  urbeakyo  urbeakyo  urbeakyo  urbeak
abieswithtabieswithtabieswithtabieswithtabieswithtabieswithtabi
heirbranchheirbranchheirbranchheirbranchheirbranchheirbranchhei
